prompt: 33 tokens
GPU draft server: healthy
starting NPU sidecar (4B w4a16, ~15s load)...
NPU sidecar ready (9.3s wall, startup_s=8.06096080000043)

=== SANITY CHECK: NPU verify vs 4B greedy ===
  4B greedy (8 tok): [1096, 5567, 18404, 264, 501, 47116, 1714, 429]
  test1 correct-drafts: drafts=[1096, 5567, 18404, 264]
    verify out = [1096, 5567, 18404, 264, 501]
    expected   = [1096, 5567, 18404, 264, 501]   -> PASS
  test2 wrong-draft@1 : drafts=[1096, 5568, 18404, 264]
    verify out = [1096, 5567, 374, 264, 501]  lcp_j=1  -> PASS
  SANITY: PASS

=== C2 RUN k=2 n_predict=128 ===
  r001 L= 33 k=2 drafts=[1096, 5486] target=[1096, 5567, 374] j=1 bonus=5567 +2
  r002 L= 35 k=2 drafts=[18404, 264] target=[18404, 264, 501] j=2 bonus=501 +3
  r003 L= 38 k=2 drafts=[5486, 311] target=[47116, 311, 42780] j=0 bonus=47116 +1
  r004 L= 39 k=2 drafts=[8282, 429] target=[1714, 429, 5711] j=0 bonus=1714 +1
  r005 L= 40 k=2 drafts=[429, 27505] target=[429, 374, 1134] j=1 bonus=374 +2
  r006 L= 42 k=2 drafts=[11050, 323] target=[10596, 323, 7373] j=0 bonus=10596 +1
  r007 L= 43 k=2 drafts=[1091, 279] target=[1091, 279, 5297] j=2 bonus=5297 +3
  r008 L= 46 k=2 drafts=[5486, 553] target=[55980, 11, 220] j=0 bonus=55980 +1
  r009 L= 47 k=2 drafts=[47116, 5486] target=[47116, 11, 13] j=1 bonus=11 +2
  r010 L= 49 k=2 drafts=[323, 432] target=[323, 374, 374] j=1 bonus=374 +2
  r011 L= 51 k=2 drafts=[11050, 369] target=[803, 369, 3460] j=0 bonus=803 +1
  r012 L= 52 k=2 drafts=[11050, 1091] target=[13382, 1091, 279] j=0 bonus=13382 +1
  r013 L= 53 k=2 drafts=[304, 3793] target=[1091, 279, 315] j=0 bonus=1091 +1
  r014 L= 54 k=2 drafts=[279, 5297] target=[279, 5297, 23418] j=2 bonus=23418 +3
  r015 L= 57 k=2 drafts=[2711, 13] target=[2711, 13, 576] j=2 bonus=576 +3
  r016 L= 60 k=2 drafts=[12014, 29614] target=[1714, 29614, 264] j=0 bonus=1714 +1
  r017 L= 61 k=2 drafts=[374, 3118] target=[374, 3118, 389] j=2 bonus=389 +3
  r018 L= 64 k=2 drafts=[279, 4522] target=[279, 4522, 315] j=2 bonus=315 +3
  r019 L= 67 k=2 drafts=[1667, 264] target=[1667, 264, 2613] j=2 bonus=2613 +3
  r020 L= 70 k=2 drafts=[9960, 1614] target=[1614, 1614, 311] j=0 bonus=1614 +1
  r021 L= 71 k=2 drafts=[311, 6923] target=[311, 6923, 264] j=2 bonus=264 +3
  r022 L= 74 k=2 drafts=[9960, 315] target=[8500, 315, 279] j=0 bonus=8500 +1
  r023 L= 75 k=2 drafts=[315, 11211] target=[315, 11211, 11] j=2 bonus=11 +3
  r024 L= 78 k=2 drafts=[892, 279] target=[892, 525, 8131] j=1 bonus=525 +2
  r025 L= 80 k=2 drafts=[1221, 23933] target=[1221, 23933, 553] j=2 bonus=553 +3
  r026 L= 83 k=2 drafts=[279, 8131] target=[279, 8131, 1614] j=2 bonus=1614 +3
  r027 L= 86 k=2 drafts=[304, 264] target=[13, 264, 3175] j=0 bonus=13 +1
  r028 L= 87 k=2 drafts=[576, 12014] target=[576, 5567, 29614] j=1 bonus=5567 +2
  r029 L= 89 k=2 drafts=[1083, 18404] target=[1083, 18404, 264] j=2 bonus=264 +3
  r030 L= 92 k=2 drafts=[501, 5486] target=[501, 47116, 311] j=1 bonus=47116 +2
  r031 L= 94 k=2 drafts=[1714, 429] target=[1714, 429, 374] j=2 bonus=374 +3
  r032 L= 97 k=2 drafts=[10596, 1091] target=[10596, 1091, 279] j=2 bonus=279 +3
  r033 L=100 k=2 drafts=[5297, 55980] target=[55980, 55980, 47116] j=0 bonus=55980 +1
  r034 L=101 k=2 drafts=[47116, 11] target=[47116, 323, 323] j=1 bonus=323 +2
  r035 L=103 k=2 drafts=[803, 13382] target=[803, 13382, 1091] j=2 bonus=1091 +3
  r036 L=106 k=2 drafts=[279, 23418] target=[279, 5297, 2711] j=1 bonus=5297 +2
  r037 L=108 k=2 drafts=[23418, 2711] target=[23418, 2711, 13] j=2 bonus=13 +3
  r038 L=111 k=2 drafts=[576, 1714] target=[576, 1714, 374] j=2 bonus=374 +3
  r039 L=114 k=2 drafts=[3118, 389] target=[3118, 389, 279] j=2 bonus=279 +3
  r040 L=117 k=2 drafts=[4522, 315] target=[4522, 315, 1667] j=2 bonus=1667 +3
  r041 L=120 k=2 drafts=[264, 2613] target=[264, 2613, 1614] j=2 bonus=1614 +3
  r042 L=123 k=2 drafts=[311, 6923] target=[311, 6923, 264] j=2 bonus=264 +3
  r043 L=126 k=2 drafts=[8500, 315] target=[8500, 315, 11211] j=2 bonus=11211 +3
  r044 L=129 k=2 drafts=[11, 892] target=[11, 892, 525] j=2 bonus=525 +3
  r045 L=132 k=2 drafts=[1221, 23933] target=[1221, 23933, 553] j=2 bonus=553 +3
  r046 L=135 k=2 drafts=[279, 8131] target=[279, 8131, 1614] j=2 bonus=1614 +3
  r047 L=138 k=2 drafts=[13, 576] target=[13, 576, 5567] j=2 bonus=5567 +3
  r048 L=141 k=2 drafts=[1083, 18404] target=[1083, 18404, 264] j=2 bonus=264 +3
  r049 L=144 k=2 drafts=[501, 47116] target=[501, 47116, 1714] j=2 bonus=1714 +3
  r050 L=147 k=2 drafts=[429, 374] target=[429, 374, 10596] j=2 bonus=10596 +3
  r051 L=150 k=2 drafts=[1091, 279] target=[1091, 279, 55980] j=2 bonus=55980 +3
  r052 L=153 k=2 drafts=[47116, 323] target=[47116, 323, 803] j=2 bonus=803 +3
  r053 L=156 k=2 drafts=[13382, 1091] target=[13382, 1091, 279] j=2 bonus=279 +3
  r054 L=159 k=2 drafts=[5297, 23418] target=[5297, 23418, 2711] j=2 bonus=2711 +3
  -> decoded=129 rounds=54 tok/s=7.53 accept_rate=69.4% accept/round=1.39
  draft_wait=3.93s verify_wait=13.19s parallel_wall=17.12s

=== C2 RUN k=4 n_predict=128 ===
  r001 L= 33 k=4 drafts=[1096, 5486, 25271, 279] target=[1096, 5567, 374, 279, 1372] j=1 bonus=5567 +2
  r002 L= 35 k=4 drafts=[18404, 264, 501, 1714] target=[18404, 264, 501, 47116, 369] j=3 bonus=47116 +4
  r003 L= 39 k=4 drafts=[8282, 429, 27505, 1134] target=[1714, 429, 5711, 288, 279] j=0 bonus=1714 +1
  r004 L= 40 k=4 drafts=[429, 27505, 1134, 279] target=[429, 374, 1134, 279, 1614] j=1 bonus=374 +2
  r005 L= 42 k=4 drafts=[11050, 323, 68211, 369] target=[10596, 323, 7373, 11, 3460] j=0 bonus=10596 +1
  r006 L= 43 k=4 drafts=[1091, 279, 1482, 1584] target=[1091, 279, 5297, 1584, 8668] j=2 bonus=5297 +3
  r007 L= 46 k=4 drafts=[5486, 553, 1667, 264] target=[55980, 11, 220, 264, 2613] j=0 bonus=55980 +1
  r008 L= 47 k=4 drafts=[47116, 5486, 13, 576] target=[47116, 11, 13, 576, 1714] j=1 bonus=11 +2
  r009 L= 49 k=4 drafts=[323, 432, 374, 8415] target=[323, 374, 374, 1083, 311] j=1 bonus=374 +2
  r010 L= 51 k=4 drafts=[11050, 369, 3460, 12934] target=[803, 369, 3460, 4128, 4119] j=0 bonus=803 +1
  r011 L= 52 k=4 drafts=[11050, 1091, 279, 3681] target=[13382, 1091, 279, 5297, 5413] j=0 bonus=13382 +1
  r012 L= 53 k=4 drafts=[304, 3793, 315, 279] target=[1091, 279, 315, 279, 4128] j=0 bonus=1091 +1
  r013 L= 54 k=4 drafts=[279, 5297, 55980, 47116] target=[279, 5297, 23418, 47116, 13] j=2 bonus=23418 +3
  r014 L= 57 k=4 drafts=[2711, 13, 576, 12014] target=[2711, 13, 576, 1714, 29614] j=3 bonus=1714 +4
  r015 L= 61 k=4 drafts=[374, 3118, 389, 279] target=[374, 3118, 389, 279, 4522] j=4 bonus=4522 +5
  r016 L= 66 k=4 drafts=[429, 279, 8131, 1614] target=[315, 279, 1614, 1614, 374] j=0 bonus=315 +1
  r017 L= 67 k=4 drafts=[1667, 264, 2613, 9960] target=[1667, 264, 2613, 1614, 1614] j=3 bonus=1614 +4
  r018 L= 71 k=4 drafts=[311, 6923, 5248, 11211] target=[311, 6923, 264, 11211, 304] j=2 bonus=264 +3
  r019 L= 74 k=4 drafts=[9960, 315, 279, 2169] target=[8500, 315, 279, 2550, 2550] j=0 bonus=8500 +1
  r020 L= 75 k=4 drafts=[315, 11211, 429, 279] target=[315, 11211, 11, 525, 8131] j=2 bonus=11 +3
  r021 L= 78 k=4 drafts=[892, 279, 8131, 1614] target=[892, 525, 8131, 1614, 1221] j=1 bonus=525 +2
  r022 L= 80 k=4 drafts=[1221, 23933, 553, 279] target=[1221, 23933, 553, 279, 8131] j=4 bonus=8131 +5
  r023 L= 85 k=4 drafts=[1614, 304, 264, 3175] target=[1614, 13, 264, 3175, 4637] j=1 bonus=13 +2
  r024 L= 87 k=4 drafts=[576, 12014, 29614, 264] target=[576, 5567, 29614, 264, 501] j=1 bonus=5567 +2
  r025 L= 89 k=4 drafts=[1083, 18404, 264, 501] target=[1083, 18404, 264, 501, 47116] j=4 bonus=47116 +5
  r026 L= 94 k=4 drafts=[1714, 429, 374, 10596] target=[1714, 429, 374, 10596, 1091] j=4 bonus=1091 +5
  r027 L= 99 k=4 drafts=[279, 5297, 55980, 47116] target=[279, 55980, 55980, 47116, 323] j=1 bonus=55980 +2
  r028 L=101 k=4 drafts=[47116, 11, 323, 374] target=[47116, 323, 323, 803, 803] j=1 bonus=323 +2
  r029 L=103 k=4 drafts=[803, 13382, 1091, 279] target=[803, 13382, 1091, 279, 5297] j=4 bonus=5297 +5
  r030 L=108 k=4 drafts=[23418, 2711, 13, 576] target=[23418, 2711, 13, 576, 1714] j=4 bonus=1714 +5
  r031 L=113 k=4 drafts=[374, 3118, 389, 279] target=[374, 3118, 389, 279, 4522] j=4 bonus=4522 +5
  r032 L=118 k=4 drafts=[315, 1667, 264, 2613] target=[315, 1667, 264, 2613, 1614] j=4 bonus=1614 +5
  r033 L=123 k=4 drafts=[311, 6923, 264, 8500] target=[311, 6923, 264, 8500, 315] j=4 bonus=315 +5
  r034 L=128 k=4 drafts=[11211, 11, 892, 525] target=[11211, 11, 892, 525, 1221] j=4 bonus=1221 +5
  r035 L=133 k=4 drafts=[23933, 553, 279, 8131] target=[23933, 553, 279, 8131, 1614] j=4 bonus=1614 +5
  r036 L=138 k=4 drafts=[13, 576, 5567, 1083] target=[13, 576, 5567, 1083, 18404] j=4 bonus=18404 +5
  r037 L=143 k=4 drafts=[264, 501, 47116, 1714] target=[264, 501, 47116, 1714, 429] j=4 bonus=429 +5
  r038 L=148 k=4 drafts=[374, 10596, 1091, 279] target=[374, 10596, 1091, 279, 55980] j=4 bonus=55980 +5
  r039 L=153 k=4 drafts=[47116, 323, 803, 13382] target=[47116, 323, 803, 13382, 1091] j=4 bonus=1091 +5
  r040 L=158 k=4 drafts=[279, 5297, 23418, 2711] target=[279, 5297, 23418, 2711, 13] j=4 bonus=13 +5
  -> decoded=130 rounds=40 tok/s=6.60 accept_rate=56.2% accept/round=2.25
  draft_wait=3.26s verify_wait=16.42s parallel_wall=19.68s

=== C2 RUN k=8 n_predict=128 ===
  r001 L= 33 k=8 drafts=[1096, 5486, 25271, 279, 44378, 882, 553, 705] target=[1096, 5567, 374, 279, 1372, 882, 369, 264, 311] j=1 bonus=5567 +2
  r002 L= 35 k=8 drafts=[18404, 264, 501, 1714, 369, 47116, 264, 4128] target=[18404, 264, 501, 47116, 369, 47116, 429, 4128, 1614] j=3 bonus=47116 +4
  r003 L= 39 k=8 drafts=[8282, 429, 27505, 1134, 279, 2613, 9960, 1614] target=[1714, 429, 5711, 288, 279, 1614, 1614, 1614, 311] j=0 bonus=1714 +1
  r004 L= 40 k=8 drafts=[429, 27505, 1134, 279, 2613, 9960, 1614, 311] target=[429, 374, 1134, 279, 1614, 1614, 1614, 311, 6923] j=1 bonus=374 +2
  r005 L= 42 k=8 drafts=[11050, 323, 68211, 369, 3460, 12934, 4128, 4119] target=[10596, 323, 7373, 11, 3460, 4128, 4128, 4119, 13] j=0 bonus=10596 +1
  r006 L= 43 k=8 drafts=[1091, 279, 1482, 1584, 8668, 10603, 37821, 5413] target=[1091, 279, 5297, 1584, 8668, 10603, 37821, 5413, 369] j=2 bonus=5297 +3
  r007 L= 46 k=8 drafts=[5486, 553, 1667, 264, 2613, 9960, 1614, 311] target=[55980, 11, 220, 264, 2613, 1614, 1614, 311, 29614] j=0 bonus=55980 +1
  r008 L= 47 k=8 drafts=[47116, 5486, 13, 576, 12014, 29614, 264, 2613] target=[47116, 11, 13, 576, 1714, 29614, 264, 501, 1614] j=1 bonus=11 +2
  r009 L= 49 k=8 drafts=[323, 432, 374, 8415, 311, 2176, 3460, 323] target=[323, 374, 374, 1083, 311, 2176, 279, 323, 2613] j=1 bonus=374 +2
  r010 L= 51 k=8 drafts=[11050, 369, 3460, 12934, 8357, 13, 576, 12014] target=[803, 369, 3460, 4128, 4119, 13, 576, 1714, 29614] j=0 bonus=803 +1
  r011 L= 52 k=8 drafts=[11050, 1091, 279, 3681, 1584, 8668, 10603, 37821] target=[13382, 1091, 279, 5297, 5413, 8668, 10603, 37821, 5413] j=0 bonus=13382 +1
  r012 L= 53 k=8 drafts=[304, 3793, 315, 279, 1372, 315, 11211, 7907] target=[1091, 279, 315, 279, 4128, 315, 11211, 7907, 13] j=0 bonus=1091 +1
  r013 L= 54 k=8 drafts=[279, 5297, 55980, 47116, 13, 576, 12014, 29614] target=[279, 5297, 23418, 47116, 13, 576, 1714, 29614, 264] j=2 bonus=23418 +3
  r014 L= 57 k=8 drafts=[2711, 13, 576, 12014, 29614, 264, 501, 1614] target=[2711, 13, 576, 1714, 29614, 264, 501, 47116, 2598] j=3 bonus=1714 +4
  r015 L= 61 k=8 drafts=[374, 3118, 389, 279, 4522, 429, 279, 8131] target=[374, 3118, 389, 279, 4522, 315, 279, 1614, 1614] j=5 bonus=315 +6
  r016 L= 67 k=8 drafts=[1667, 264, 2613, 9960, 1614, 311, 6923, 5248] target=[1667, 264, 2613, 1614, 1614, 311, 29614, 5248, 11211] j=3 bonus=1614 +4
  r017 L= 71 k=8 drafts=[311, 6923, 5248, 11211, 11, 892, 279, 8131] target=[311, 6923, 264, 11211, 304, 892, 525, 8131, 1614] j=2 bonus=264 +3
  r018 L= 74 k=8 drafts=[9960, 315, 279, 2169, 1614, 594, 2550, 11] target=[8500, 315, 279, 2550, 2550, 11, 2550, 11, 892] j=0 bonus=8500 +1
  r019 L= 75 k=8 drafts=[315, 11211, 429, 279, 8131, 1614, 646, 10146] target=[315, 11211, 11, 525, 8131, 1614, 1221, 10146, 304] j=2 bonus=11 +3
  r020 L= 78 k=8 drafts=[892, 279, 8131, 1614, 1221, 87856, 304, 264] target=[892, 525, 8131, 1614, 1221, 87856, 304, 264, 3175] j=1 bonus=525 +2
  r021 L= 80 k=8 drafts=[1221, 23933, 553, 279, 8131, 1614, 304, 264] target=[1221, 23933, 553, 279, 8131, 1614, 13, 264, 3175] j=6 bonus=13 +7
  r022 L= 87 k=8 drafts=[576, 12014, 29614, 264, 501, 47116, 1714, 429] target=[576, 5567, 29614, 264, 501, 47116, 1714, 429, 374] j=1 bonus=5567 +2
  r023 L= 89 k=8 drafts=[1083, 18404, 264, 501, 5486, 311, 279, 3491] target=[1083, 18404, 264, 501, 47116, 311, 279, 4128, 315] j=4 bonus=47116 +5
  r024 L= 94 k=8 drafts=[1714, 429, 374, 10596, 1091, 279, 5297, 55980] target=[1714, 429, 374, 10596, 1091, 279, 55980, 55980, 47116] j=6 bonus=55980 +7
  r025 L=101 k=8 drafts=[47116, 11, 323, 374, 803, 13382, 1091, 279] target=[47116, 323, 323, 803, 803, 13382, 1091, 279, 5297] j=1 bonus=323 +2
  r026 L=103 k=8 drafts=[803, 13382, 1091, 279, 23418, 2711, 13, 576] target=[803, 13382, 1091, 279, 5297, 2711, 13, 576, 5567] j=4 bonus=5297 +5
  r027 L=108 k=8 drafts=[23418, 2711, 13, 576, 1714, 374, 3118, 389] target=[23418, 2711, 13, 576, 1714, 374, 3118, 389, 279] j=8 bonus=279 +9
  r028 L=117 k=8 drafts=[4522, 315, 1667, 264, 2613, 1614, 311, 6923] target=[4522, 315, 1667, 264, 2613, 1614, 311, 6923, 264] j=8 bonus=264 +9
  r029 L=126 k=8 drafts=[8500, 315, 11211, 11, 892, 525, 1221, 23933] target=[8500, 315, 11211, 11, 892, 525, 1221, 23933, 553] j=8 bonus=553 +9
  r030 L=135 k=8 drafts=[279, 8131, 1614, 13, 576, 5567, 1083, 18404] target=[279, 8131, 1614, 13, 576, 5567, 1083, 18404, 264] j=8 bonus=264 +9
  r031 L=144 k=8 drafts=[501, 47116, 1714, 429, 374, 10596, 1091, 279] target=[501, 47116, 1714, 429, 374, 10596, 1091, 279, 55980] j=8 bonus=55980 +9
  r032 L=153 k=8 drafts=[47116, 323, 803, 13382, 1091, 279, 5297, 23418] target=[47116, 323, 803, 13382, 1091, 279, 5297, 23418, 2711] j=8 bonus=2711 +9
  -> decoded=129 rounds=32 tok/s=4.99 accept_rate=37.9% accept/round=3.03
  draft_wait=3.50s verify_wait=22.33s parallel_wall=25.83s

results JSON -> C:\Users\hotschmoe\Documents\GitHub\specula\gpu_npu_sidequest\logs\c2_results.json
